Total parsed: 1
